// Jest Snapshot v1, https://goo.gl/fbAQLP

exports[`RecipesContainer should match the snapshot 1`] = `
ShallowWrapper {
  "length": 1,
  Symbol(enzyme.__root__): [Circular],
  Symbol(enzyme.__unrendered__): <RecipesContainer
    recipes={
        Array [
            Object {
              "title": "recipe 1",
            },
            Object {
              "title": "recipe 2",
            },
          ]
    }
/>,
  Symbol(enzyme.__renderer__): Object {
    "batchedUpdates": [Function],
    "getNode": [Function],
    "render": [Function],
    "simulateEvent": [Function],
    "unmount": [Function],
  },
  Symbol(enzyme.__node__): Object {
    "instance": null,
    "key": undefined,
    "nodeType": "host",
    "props": Object {
      "children": Array [
        <RecipeCard
          fetchRecipe={[Function]}
          title="recipe 1"
/>,
        <RecipeCard
          fetchRecipe={[Function]}
          title="recipe 2"
/>,
      ],
      "className": "recipes-container",
    },
    "ref": null,
    "rendered": Array [
      Object {
        "instance": null,
        "key": "0",
        "nodeType": "function",
        "props": Object {
          "fetchRecipe": [Function],
          "title": "recipe 1",
        },
        "ref": null,
        "rendered": null,
        "type": [Function],
      },
      Object {
        "instance": null,
        "key": "1",
        "nodeType": "function",
        "props": Object {
          "fetchRecipe": [Function],
          "title": "recipe 2",
        },
        "ref": null,
        "rendered": null,
        "type": [Function],
      },
    ],
    "type": "div",
  },
  Symbol(enzyme.__nodes__): Array [
    Object {
      "instance": null,
      "key": undefined,
      "nodeType": "host",
      "props": Object {
        "children": Array [
          <RecipeCard
            fetchRecipe={[Function]}
            title="recipe 1"
/>,
          <RecipeCard
            fetchRecipe={[Function]}
            title="recipe 2"
/>,
        ],
        "className": "recipes-container",
      },
      "ref": null,
      "rendered": Array [
        Object {
          "instance": null,
          "key": "0",
          "nodeType": "function",
          "props": Object {
            "fetchRecipe": [Function],
            "title": "recipe 1",
          },
          "ref": null,
          "rendered": null,
          "type": [Function],
        },
        Object {
          "instance": null,
          "key": "1",
          "nodeType": "function",
          "props": Object {
            "fetchRecipe": [Function],
            "title": "recipe 2",
          },
          "ref": null,
          "rendered": null,
          "type": [Function],
        },
      ],
      "type": "div",
    },
  ],
  Symbol(enzyme.__options__): Object {
    "adapter": ReactSixteenAdapter {
      "options": Object {
        "enableComponentDidUpdateOnSetState": true,
      },
    },
  },
}
`;
